19.9441 	EXP 	Created window1 = Window(allowGUI=True, allowStencil=False, autoLog=True, backendConf=UNKNOWN, backgroundFit=<method-wrapper '__getattribute__' of attributeSetter object at 0x000001495FDD9B80>, backgroundImage=<method-wrapper '__getattribute__' of attributeSetter object at 0x000001495FDD9B20>, bitsMode=UNKNOWN, blendMode='avg', bpc=(8, 8, 8), color=array([0, 0, 0]), colorSpace='rgb', depthBits=8, fullscr=<method-wrapper '__getattribute__' of attributeSetter object at 0x000001495FDD9970>, gamma=None, gammaErrorPolicy='raise', infoMsg=UNKNOWN, lms=UNKNOWN, monitor=<psychopy.monitors.calibTools.Monitor object at 0x000001495FEBB0D0>, multiSample=False, name='window1', numSamples=2, pos=[560.0, 240.0], screen=0, size=array([800, 600]), stencilBits=0, stereo=False, title='PsychoPy', units='norm', useFBO=True, useRetina=False, viewOri=0.0, viewPos=None, viewScale=None, waitBlanking=True, winType='pyglet')
19.9441 	EXP 	window1: backgroundImage = ''
19.9442 	EXP 	window1: backgroundFit = 'none'
19.9444 	EXP 	window1: mouseVisible = <method-wrapper '__getattribute__' of attributeSetter object at 0x000001495FDD9CA0>
19.9446 	EXP 	window1: mouseVisible = <method-wrapper '__getattribute__' of attributeSetter object at 0x000001495FDD9CA0>
19.9472 	EXP 	window1: mouseVisible = <method-wrapper '__getattribute__' of attributeSetter object at 0x000001495FDD9CA0>
19.9476 	EXP 	window1: mouseVisible = <method-wrapper '__getattribute__' of attributeSetter object at 0x000001495FDD9CA0>
19.9766 	EXP 	window1: mouseVisible = <method-wrapper '__getattribute__' of attributeSetter object at 0x000001495FDD9CA0>
19.9767 	EXP 	window1: mouseVisible = <method-wrapper '__getattribute__' of attributeSetter object at 0x000001495FDD9CA0>
19.9772 	EXP 	window1: mouseVisible = <method-wrapper '__getattribute__' of attributeSetter object at 0x000001495FDD9CA0>
19.9776 	EXP 	window1: mouseVisible = <method-wrapper '__getattribute__' of attributeSetter object at 0x000001495FDD9CA0>
19.9975 	EXP 	window1: Attempting to measure frame rate of screen (0) ...
19.9975 	EXP 	window1: recordFrameIntervals = False
20.1617 	EXP 	window1: recordFrameIntervals = True
20.5118 	EXP 	Screen (0) actual frame rate measured at 60.10Hz
20.5119 	EXP 	window1: recordFrameIntervals = False
20.5120 	EXP 	window1: mouseVisible = True
20.5172 	WARNING 	launchHubServer: If using the iohub mouse or eyetracker devices, fullScr should be True.
24.1753 	EXP 	fixation_dots_T1weighted: status = STARTED
24.1757 	EXP 	window1: mouseVisible = True
24.2104 	EXP 	Created waiting_trigger = TextStim(__class__=<class 'psychopy.visual.text.TextStim'>, alignHoriz=method-wrapper(...), alignText='center', alignVert=method-wrapper(...), anchorHoriz='center', anchorVert='center', antialias=True, autoDraw=False, autoLog=True, bold=False, color=array([1., 1., 1.]), colorSpace='rgb', contrast=1.0, depth=0.0, draggable=False, flipHoriz=False, flipVert=False, font='Open Sans', fontFiles=[], height=0.12, italic=False, languageStyle='LTR', name='waiting_trigger', opacity=1.0, ori=0.0, pos=array([ 0. , -0.4]), rgb=UNKNOWN, text=str(...), units='norm', win=Window(...), wrapWidth=1.7)
24.2105 	EXP 	window1: mouseVisible = True
24.2181 	EXP 	Created fix_desc = TextStim(__class__=<class 'psychopy.visual.text.TextStim'>, alignHoriz=method-wrapper(...), alignText='center', alignVert=method-wrapper(...), anchorHoriz='center', anchorVert='center', antialias=True, autoDraw=False, autoLog=True, bold=False, color=array([1., 1., 1.]), colorSpace='rgb', contrast=1.0, depth=-2.0, draggable=False, flipHoriz=False, flipVert=False, font='Open Sans', fontFiles=[], height=0.12, italic=False, languageStyle='LTR', name='fix_desc', opacity=1.0, ori=0.0, pos=array([0.  , 0.25]), rgb=UNKNOWN, text=str(...), units='norm', win=Window(...), wrapWidth=1.0)
24.2182 	EXP 	window1: mouseVisible = True
24.2209 	EXP 	Created dot_1 = ShapeStim(__class__=<class 'psychopy.visual.shape.ShapeStim'>, anchor=('center', 'center'), autoDraw=False, autoLog=True, closeShape=True, color=method-wrapper(...), colorSpace='rgb', contrast=None, depth=0.0, draggable=False, fillColor=array([ 1., -1., -1.]), fillColorSpace='rgb', fillRGB=array([ 1., -1., -1.]), interpolate=True, lineColor=array([ 1., -1., -1.]), lineColorSpace='rgb', lineRGB=array([ 1., -1., -1.]), lineWidth=1.0, name='dot_1', opacity=1, ori=0.0, pos=array([0., 0.]), size=array([0.04, 0.04]), units='norm', vertices=ndarray(...), win=Window(...), windingRule=None)
24.2210 	EXP 	window1: mouseVisible = True
24.2230 	EXP 	Created dot_2 = ShapeStim(__class__=<class 'psychopy.visual.shape.ShapeStim'>, anchor=('center', 'center'), autoDraw=False, autoLog=True, closeShape=True, color=method-wrapper(...), colorSpace='rgb', contrast=None, depth=-1.0, draggable=False, fillColor=array([-1.    , -1.    ,  0.0902]), fillColorSpace='rgb', fillRGB=array([-1.    , -1.    ,  0.0902]), interpolate=True, lineColor=array([1., 1., 1.]), lineColorSpace='rgb', lineRGB=array([1, 1, 1]), lineWidth=1.0, name='dot_2', opacity=1, ori=0.0, pos=array([0., 0.]), size=array([0.04, 0.04]), units='norm', vertices=ndarray(...), win=Window(...), windingRule=None)
24.2231 	EXP 	window1: mouseVisible = True
24.2249 	EXP 	Created dot_3 = ShapeStim(__class__=<class 'psychopy.visual.shape.ShapeStim'>, anchor=('center', 'center'), autoDraw=False, autoLog=True, closeShape=True, color=method-wrapper(...), colorSpace='rgb', contrast=None, depth=-2.0, draggable=False, fillColor=array([ 1.    ,  0.0745, -0.4667]), fillColorSpace='rgb', fillRGB=array([ 1.    ,  0.0745, -0.4667]), interpolate=True, lineColor=array([ 1.    ,  0.0745, -0.4667]), lineColorSpace='rgb', lineRGB=array([ 1.    ,  0.0745, -0.4667]), lineWidth=1.0, name='dot_3', opacity=1, ori=0.0, pos=array([0., 0.]), size=array([0.04, 0.04]), units='norm', vertices=ndarray(...), win=Window(...), windingRule=None)
24.2250 	EXP 	window1: mouseVisible = True
24.2268 	EXP 	Created dot_4 = ShapeStim(__class__=<class 'psychopy.visual.shape.ShapeStim'>, anchor=('center', 'center'), autoDraw=False, autoLog=True, closeShape=True, color=method-wrapper(...), colorSpace='rgb', contrast=None, depth=-3.0, draggable=False, fillColor=array([-1,  1,  1]), fillColorSpace='rgb', fillRGB=array([-1,  1,  1]), interpolate=True, lineColor=array([-1.,  1.,  1.]), lineColorSpace='rgb', lineRGB=array([-1,  1,  1]), lineWidth=1.0, name='dot_4', opacity=1, ori=0.0, pos=array([0., 0.]), size=array([0.04, 0.04]), units='norm', vertices=ndarray(...), win=Window(...), windingRule=None)
24.2269 	EXP 	window1: mouseVisible = True
24.2287 	EXP 	Created dot_5 = ShapeStim(__class__=<class 'psychopy.visual.shape.ShapeStim'>, anchor=('center', 'center'), autoDraw=False, autoLog=True, closeShape=True, color=method-wrapper(...), colorSpace='rgb', contrast=None, depth=-4.0, draggable=False, fillColor=array([0.451 , 0.4275, 0.4353]), fillColorSpace='rgb', fillRGB=array([0.451 , 0.4275, 0.4353]), interpolate=True, lineColor=array([0.451 , 0.4275, 0.4353]), lineColorSpace='rgb', lineRGB=array([0.451 , 0.4275, 0.4353]), lineWidth=1.0, name='dot_5', opacity=1, ori=0.0, pos=array([0., 0.]), size=array([0.04, 0.04]), units='norm', vertices=ndarray(...), win=Window(...), windingRule=None)
24.2288 	EXP 	window1: mouseVisible = True
24.2306 	EXP 	Created dot_6 = ShapeStim(__class__=<class 'psychopy.visual.shape.ShapeStim'>, anchor=('center', 'center'), autoDraw=False, autoLog=True, closeShape=True, color=method-wrapper(...), colorSpace='rgb', contrast=None, depth=-5.0, draggable=False, fillColor=array([ 1.    ,  0.7647, -0.6235]), fillColorSpace='rgb', fillRGB=array([ 1.    ,  0.7647, -0.6235]), interpolate=True, lineColor=array([ 1.    ,  0.7647, -0.6235]), lineColorSpace='rgb', lineRGB=array([ 1.    ,  0.7647, -0.6235]), lineWidth=1.0, name='dot_6', opacity=1, ori=0.0, pos=array([0., 0.]), size=array([0.04, 0.04]), units='norm', vertices=ndarray(...), win=Window(...), windingRule=None)
24.2307 	EXP 	window1: mouseVisible = True
24.2324 	EXP 	Created dot_7 = ShapeStim(__class__=<class 'psychopy.visual.shape.ShapeStim'>, anchor=('center', 'center'), autoDraw=False, autoLog=True, closeShape=True, color=method-wrapper(...), colorSpace='rgb', contrast=None, depth=-6.0, draggable=False, fillColor=array([ 0.2235, -1.    ,  1.    ]), fillColorSpace='rgb', fillRGB=array([ 0.2235, -1.    ,  1.    ]), interpolate=True, lineColor=array([-0.15, -0.1 ,  1.  ]), lineColorSpace='rgb', lineRGB=array([-0.15, -0.1 ,  1.  ]), lineWidth=1.0, name='dot_7', opacity=1, ori=0.0, pos=array([0., 0.]), size=array([0.04, 0.04]), units='norm', vertices=ndarray(...), win=Window(...), windingRule=None)
24.2325 	EXP 	window1: mouseVisible = True
24.2342 	EXP 	Created dot_8 = ShapeStim(__class__=<class 'psychopy.visual.shape.ShapeStim'>, anchor=('center', 'center'), autoDraw=False, autoLog=True, closeShape=True, color=method-wrapper(...), colorSpace='rgb', contrast=None, depth=-7.0, draggable=False, fillColor=array([ 0.3412, -0.1294, -0.5059]), fillColorSpace='rgb', fillRGB=array([ 0.3412, -0.1294, -0.5059]), interpolate=True, lineColor=array([ 0.3412, -0.1294, -0.5059]), lineColorSpace='rgb', lineRGB=array([ 0.3412, -0.1294, -0.5059]), lineWidth=1.0, name='dot_8', opacity=1, ori=0.0, pos=array([0., 0.]), size=array([0.04, 0.04]), units='norm', vertices=ndarray(...), win=Window(...), windingRule=None)
24.2343 	EXP 	window1: mouseVisible = True
24.2361 	EXP 	Created dot_9 = ShapeStim(__class__=<class 'psychopy.visual.shape.ShapeStim'>, anchor=('center', 'center'), autoDraw=False, autoLog=True, closeShape=True, color=method-wrapper(...), colorSpace='rgb', contrast=None, depth=-8.0, draggable=False, fillColor=array([ 0.6078, -0.2784, -0.2784]), fillColorSpace='rgb', fillRGB=array([ 0.6078, -0.2784, -0.2784]), interpolate=True, lineColor=array([ 0.6078, -0.2784, -0.2784]), lineColorSpace='rgb', lineRGB=array([ 0.6078, -0.2784, -0.2784]), lineWidth=1.0, name='dot_9', opacity=1, ori=0.0, pos=array([0., 0.]), size=array([0.04, 0.04]), units='norm', vertices=ndarray(...), win=Window(...), windingRule=None)
24.2361 	EXP 	window1: mouseVisible = True
24.2380 	EXP 	Created dot_10 = ShapeStim(__class__=<class 'psychopy.visual.shape.ShapeStim'>, anchor=('center', 'center'), autoDraw=False, autoLog=True, closeShape=True, color=method-wrapper(...), colorSpace='rgb', contrast=None, depth=-9.0, draggable=False, fillColor=array([-0.0039,  1.    ,  0.6627]), fillColorSpace='rgb', fillRGB=array([-0.0039,  1.    ,  0.6627]), interpolate=True, lineColor=array([-0.0039,  1.    ,  0.6627]), lineColorSpace='rgb', lineRGB=array([-0.0039,  1.    ,  0.6627]), lineWidth=1.0, name='dot_10', opacity=1, ori=0.0, pos=array([0., 0.]), size=array([0.04, 0.04]), units='norm', vertices=ndarray(...), win=Window(...), windingRule=None)
24.2380 	EXP 	window1: mouseVisible = True
24.2408 	EXP 	Created text = TextStim(__class__=<class 'psychopy.visual.text.TextStim'>, alignHoriz=method-wrapper(...), alignText='center', alignVert=method-wrapper(...), anchorHoriz='center', anchorVert='center', antialias=True, autoDraw=False, autoLog=True, bold=False, color=array([1., 1., 1.]), colorSpace='rgb', contrast=1.0, depth=0.0, draggable=False, flipHoriz=False, flipVert=False, font='Open Sans', fontFiles=[], height=0.12, italic=False, languageStyle='LTR', name='text', opacity=1, ori=0.0, pos=array([0., 0.]), rgb=UNKNOWN, text="End press 't'", units='norm', win=Window(...), wrapWidth=1)
0.0187 	EXP 	window1: mouseVisible = True
0.0210 	EXP 	Created calibration_2Target = ShapeStim(__class__=<class 'psychopy.visual.shape.ShapeStim'>, anchor=('center', 'center'), autoDraw=False, autoLog=True, closeShape=True, color=method-wrapper(...), colorSpace='rgb', contrast=None, depth=0, draggable=False, fillColor=array([-1, -1, -1]), fillColorSpace='rgb', fillRGB=array([-1, -1, -1]), interpolate=True, lineColor=array([-1., -1., -1.]), lineColorSpace='rgb', lineRGB=array([-1, -1, -1]), lineWidth=2.0, name='calibration_2Target', opacity=1.0, ori=0.0, pos=array([0., 0.]), size=array([0.3, 0.3]), units='norm', vertices=ndarray(...), win=Window(...), windingRule=None)
0.0211 	EXP 	window1: mouseVisible = True
0.0232 	EXP 	Created calibration_2TargetInner = ShapeStim(__class__=<class 'psychopy.visual.shape.ShapeStim'>, anchor=('center', 'center'), autoDraw=False, autoLog=True, closeShape=True, color=method-wrapper(...), colorSpace='rgb', contrast=None, depth=0, draggable=False, fillColor=array([-1.        ,  0.00392157, -1.        ]), fillColorSpace='rgb', fillRGB=array([-1.        ,  0.00392157, -1.        ]), interpolate=True, lineColor=array([-1., -1., -1.]), lineColorSpace='rgb', lineRGB=array([-1, -1, -1]), lineWidth=2.0, name='calibration_2TargetInner', opacity=1.0, ori=0.0, pos=array([0., 0.]), size=array([0.14, 0.14]), units='norm', vertices=ndarray(...), win=Window(...), windingRule=None)
73.8709 	EXP 	waiting_trigger: autoDraw = True
73.8709 	EXP 	fix_desc: autoDraw = True
87.3264 	DATA 	Keypress: escape
87.4022 	EXP 	fixation_dots_T1weighted: status = STOPPED
87.4176 	EXP 	waiting_trigger: autoDraw = False
87.4176 	EXP 	fix_desc: autoDraw = False
87.4178 	EXP 	fixation_dots_T1weighted: status = STOPPED
87.4565 	EXP 	window1: mouseVisible = True
