6.0463 	INFO 	Loaded monitor calibration from ['2024_09_27 14:46']
6.1860 	EXP 	Created window1 = Window(allowGUI=True, allowStencil=False, autoLog=True, backendConf=UNKNOWN, backgroundFit=<method-wrapper '__getattribute__' of attributeSetter object at 0x7fda8afedbe0>, backgroundImage=<method-wrapper '__getattribute__' of attributeSetter object at 0x7fda8afedb80>, bitsMode=UNKNOWN, blendMode='avg', bpc=(8, 8, 8), color=array([0, 0, 0]), colorSpace='rgb', depthBits=8, fullscr=<method-wrapper '__getattribute__' of attributeSetter object at 0x7fda8afed970>, gamma=None, gammaErrorPolicy='raise', infoMsg=UNKNOWN, lms=UNKNOWN, monitor=<psychopy.monitors.calibTools.Monitor object at 0x7fda8ac0c790>, multiSample=False, name='window1', numSamples=2, pos=[560.0, 240.0], screen=0, size=array([800, 600]), stencilBits=0, stereo=False, title='PsychoPy', units='norm', useFBO=True, useRetina=False, viewOri=0.0, viewPos=None, viewScale=None, waitBlanking=True, winType='pyglet')
6.1860 	EXP 	window1: backgroundImage = ''
6.1860 	EXP 	window1: backgroundFit = 'none'
6.1862 	EXP 	window1: mouseVisible = <method-wrapper '__getattribute__' of attributeSetter object at 0x7fda8afedd00>
6.1863 	EXP 	window1: mouseVisible = <method-wrapper '__getattribute__' of attributeSetter object at 0x7fda8afedd00>
6.1881 	EXP 	window1: mouseVisible = <method-wrapper '__getattribute__' of attributeSetter object at 0x7fda8afedd00>
6.1885 	EXP 	window1: mouseVisible = <method-wrapper '__getattribute__' of attributeSetter object at 0x7fda8afedd00>
6.1920 	DEBUG 	TextBox2 loaded 1 chars with 0 blanks and 1 valid
6.1925 	DEBUG 	TextBox2 loaded 1 chars with 0 blanks and 1 valid
6.1930 	DEBUG 	TextBox2 loaded 1 chars with 0 blanks and 1 valid
6.1936 	DEBUG 	TextBox2 loaded 1 chars with 0 blanks and 1 valid
6.1942 	DEBUG 	TextBox2 loaded 1 chars with 0 blanks and 1 valid
6.1945 	DEBUG 	TextBox2 loaded 1 chars with 0 blanks and 1 valid
6.1949 	DEBUG 	TextBox2 loaded 1 chars with 0 blanks and 1 valid
6.1955 	DEBUG 	TextBox2 loaded 1 chars with 0 blanks and 1 valid
6.1957 	DEBUG 	TextBox2 loaded 1 chars with 0 blanks and 1 valid
6.1958 	DEBUG 	TextBox2 loaded 1 chars with 0 blanks and 1 valid
6.1963 	DEBUG 	TextBox2 loaded 1 chars with 0 blanks and 1 valid
6.1967 	DEBUG 	TextBox2 loaded 1 chars with 0 blanks and 1 valid
6.1971 	DEBUG 	TextBox2 loaded 1 chars with 0 blanks and 1 valid
6.1976 	DEBUG 	TextBox2 loaded 1 chars with 0 blanks and 1 valid
6.1980 	DEBUG 	TextBox2 loaded 1 chars with 0 blanks and 1 valid
6.1984 	DEBUG 	TextBox2 loaded 1 chars with 0 blanks and 1 valid
6.1989 	DEBUG 	TextBox2 loaded 1 chars with 0 blanks and 1 valid
6.1991 	DEBUG 	TextBox2 loaded 1 chars with 0 blanks and 1 valid
6.1994 	DEBUG 	TextBox2 loaded 1 chars with 0 blanks and 1 valid
6.2000 	DEBUG 	TextBox2 loaded 1 chars with 0 blanks and 1 valid
6.2002 	DEBUG 	TextBox2 loaded 1 chars with 0 blanks and 1 valid
6.2004 	DEBUG 	Uploading Texture Font fontname to graphics card
6.2039 	DEBUG 	Upload of Texture Font fontname complete
6.2050 	EXP 	window1: mouseVisible = <method-wrapper '__getattribute__' of attributeSetter object at 0x7fda8afedd00>
6.2050 	EXP 	window1: mouseVisible = <method-wrapper '__getattribute__' of attributeSetter object at 0x7fda8afedd00>
6.2054 	EXP 	window1: mouseVisible = <method-wrapper '__getattribute__' of attributeSetter object at 0x7fda8afedd00>
6.2057 	EXP 	window1: mouseVisible = <method-wrapper '__getattribute__' of attributeSetter object at 0x7fda8afedd00>
6.2083 	DEBUG 	TextBox2 loaded 1 chars with 0 blanks and 1 valid
6.2090 	DEBUG 	TextBox2 loaded 1 chars with 0 blanks and 1 valid
6.2095 	DEBUG 	TextBox2 loaded 1 chars with 0 blanks and 1 valid
6.2097 	DEBUG 	Uploading Texture Font fontname to graphics card
6.2115 	DEBUG 	Upload of Texture Font fontname complete
6.2128 	EXP 	window1: Attempting to measure frame rate of screen (0) ...
6.2128 	EXP 	window1: recordFrameIntervals = False
6.3359 	EXP 	window1: recordFrameIntervals = True
7.1826 	WARNING 	Couldn't measure a consistent frame rate!
  - Is your graphics card set to sync to vertical blank?
  - Are you running other processes on your computer?

7.1827 	EXP 	window1: mouseVisible = True
7.1830 	EXP 	window1: mouseVisible = True
7.1831 	EXP 	window1: mouseVisible = True
7.1837 	EXP 	window1: mouseVisible = True
7.1844 	EXP 	window1: mouseVisible = True
7.1890 	DEBUG 	TextBox2 loaded 1 chars with 0 blanks and 1 valid
7.1894 	DEBUG 	TextBox2 loaded 1 chars with 0 blanks and 1 valid
7.1902 	DEBUG 	TextBox2 loaded 1 chars with 0 blanks and 1 valid
7.1912 	DEBUG 	TextBox2 loaded 1 chars with 0 blanks and 1 valid
7.1921 	DEBUG 	TextBox2 loaded 1 chars with 0 blanks and 1 valid
7.1931 	DEBUG 	TextBox2 loaded 1 chars with 0 blanks and 1 valid
7.1935 	DEBUG 	TextBox2 loaded 1 chars with 0 blanks and 1 valid
7.1943 	DEBUG 	TextBox2 loaded 1 chars with 0 blanks and 1 valid
7.1952 	DEBUG 	TextBox2 loaded 1 chars with 0 blanks and 1 valid
7.1960 	DEBUG 	TextBox2 loaded 1 chars with 0 blanks and 1 valid
7.1962 	DEBUG 	Uploading Texture Font fontname to graphics card
7.1989 	DEBUG 	Upload of Texture Font fontname complete
7.2003 	EXP 	window1: mouseVisible = True
7.2004 	EXP 	window1: mouseVisible = True
7.2008 	EXP 	window1: mouseVisible = True
7.2013 	EXP 	window1: mouseVisible = True
7.2152 	WARNING 	launchHubServer: If using the iohub mouse or eyetracker devices, fullScr should be True.
8.8681 	INFO 	keyboard.Keyboard is using iohub backend.
8.8682 	INFO 	keyboard.Keyboard is using iohub backend.
8.8682 	INFO 	keyboard.Keyboard is using iohub backend.
8.8682 	EXP 	fixation_dots_T1weighted: status = STARTED
8.8686 	EXP 	window1: mouseVisible = True
8.8968 	EXP 	Created waiting_trigger = TextStim(__class__=<class 'psychopy.visual.text.TextStim'>, alignHoriz=method-wrapper(...), alignText='center', alignVert=method-wrapper(...), anchorHoriz='center', anchorVert='center', antialias=True, autoDraw=False, autoLog=True, bold=False, color=array([1., 1., 1.]), colorSpace='rgb', contrast=1.0, depth=0.0, draggable=False, flipHoriz=False, flipVert=False, font='Open Sans', fontFiles=[], height=0.12, italic=False, languageStyle='LTR', name='waiting_trigger', opacity=1.0, ori=0.0, pos=array([ 0. , -0.4]), rgb=UNKNOWN, text=str(...), units='norm', win=Window(...), wrapWidth=1.7)
8.8969 	EXP 	window1: mouseVisible = True
8.9028 	EXP 	Created fix_desc = TextStim(__class__=<class 'psychopy.visual.text.TextStim'>, alignHoriz=method-wrapper(...), alignText='center', alignVert=method-wrapper(...), anchorHoriz='center', anchorVert='center', antialias=True, autoDraw=False, autoLog=True, bold=False, color=array([1., 1., 1.]), colorSpace='rgb', contrast=1.0, depth=-2.0, draggable=False, flipHoriz=False, flipVert=False, font='Open Sans', fontFiles=[], height=0.12, italic=False, languageStyle='LTR', name='fix_desc', opacity=1.0, ori=0.0, pos=array([0.  , 0.25]), rgb=UNKNOWN, text=str(...), units='norm', win=Window(...), wrapWidth=1.0)
8.9029 	EXP 	window1: mouseVisible = True
8.9069 	EXP 	Created dot_1 = ShapeStim(__class__=<class 'psychopy.visual.shape.ShapeStim'>, anchor=('center', 'center'), autoDraw=False, autoLog=True, closeShape=True, color=method-wrapper(...), colorSpace='rgb', contrast=None, depth=0.0, draggable=False, fillColor=array([ 1., -1., -1.]), fillColorSpace='rgb', fillRGB=array([ 1., -1., -1.]), interpolate=True, lineColor=array([ 1., -1., -1.]), lineColorSpace='rgb', lineRGB=array([ 1., -1., -1.]), lineWidth=1.0, name='dot_1', opacity=1, ori=0.0, pos=array([0., 0.]), size=array([0.04, 0.04]), units='norm', vertices=ndarray(...), win=Window(...), windingRule=None)
8.9070 	EXP 	window1: mouseVisible = True
8.9094 	EXP 	Created dot_2 = ShapeStim(__class__=<class 'psychopy.visual.shape.ShapeStim'>, anchor=('center', 'center'), autoDraw=False, autoLog=True, closeShape=True, color=method-wrapper(...), colorSpace='rgb', contrast=None, depth=-1.0, draggable=False, fillColor=array([-1.    , -1.    ,  0.0902]), fillColorSpace='rgb', fillRGB=array([-1.    , -1.    ,  0.0902]), interpolate=True, lineColor=array([1., 1., 1.]), lineColorSpace='rgb', lineRGB=array([1, 1, 1]), lineWidth=1.0, name='dot_2', opacity=1, ori=0.0, pos=array([0., 0.]), size=array([0.04, 0.04]), units='norm', vertices=ndarray(...), win=Window(...), windingRule=None)
8.9095 	EXP 	window1: mouseVisible = True
8.9125 	EXP 	Created dot_3 = ShapeStim(__class__=<class 'psychopy.visual.shape.ShapeStim'>, anchor=('center', 'center'), autoDraw=False, autoLog=True, closeShape=True, color=method-wrapper(...), colorSpace='rgb', contrast=None, depth=-2.0, draggable=False, fillColor=array([ 1.    ,  0.0745, -0.4667]), fillColorSpace='rgb', fillRGB=array([ 1.    ,  0.0745, -0.4667]), interpolate=True, lineColor=array([ 1.    ,  0.0745, -0.4667]), lineColorSpace='rgb', lineRGB=array([ 1.    ,  0.0745, -0.4667]), lineWidth=1.0, name='dot_3', opacity=1, ori=0.0, pos=array([0., 0.]), size=array([0.04, 0.04]), units='norm', vertices=ndarray(...), win=Window(...), windingRule=None)
8.9125 	EXP 	window1: mouseVisible = True
8.9142 	EXP 	Created dot_4 = ShapeStim(__class__=<class 'psychopy.visual.shape.ShapeStim'>, anchor=('center', 'center'), autoDraw=False, autoLog=True, closeShape=True, color=method-wrapper(...), colorSpace='rgb', contrast=None, depth=-3.0, draggable=False, fillColor=array([-1,  1,  1]), fillColorSpace='rgb', fillRGB=array([-1,  1,  1]), interpolate=True, lineColor=array([-1.,  1.,  1.]), lineColorSpace='rgb', lineRGB=array([-1,  1,  1]), lineWidth=1.0, name='dot_4', opacity=1, ori=0.0, pos=array([0., 0.]), size=array([0.04, 0.04]), units='norm', vertices=ndarray(...), win=Window(...), windingRule=None)
8.9143 	EXP 	window1: mouseVisible = True
8.9160 	EXP 	Created dot_5 = ShapeStim(__class__=<class 'psychopy.visual.shape.ShapeStim'>, anchor=('center', 'center'), autoDraw=False, autoLog=True, closeShape=True, color=method-wrapper(...), colorSpace='rgb', contrast=None, depth=-4.0, draggable=False, fillColor=array([0.451 , 0.4275, 0.4353]), fillColorSpace='rgb', fillRGB=array([0.451 , 0.4275, 0.4353]), interpolate=True, lineColor=array([0.451 , 0.4275, 0.4353]), lineColorSpace='rgb', lineRGB=array([0.451 , 0.4275, 0.4353]), lineWidth=1.0, name='dot_5', opacity=1, ori=0.0, pos=array([0., 0.]), size=array([0.04, 0.04]), units='norm', vertices=ndarray(...), win=Window(...), windingRule=None)
8.9160 	EXP 	window1: mouseVisible = True
8.9177 	EXP 	Created dot_6 = ShapeStim(__class__=<class 'psychopy.visual.shape.ShapeStim'>, anchor=('center', 'center'), autoDraw=False, autoLog=True, closeShape=True, color=method-wrapper(...), colorSpace='rgb', contrast=None, depth=-5.0, draggable=False, fillColor=array([ 1.    ,  0.7647, -0.6235]), fillColorSpace='rgb', fillRGB=array([ 1.    ,  0.7647, -0.6235]), interpolate=True, lineColor=array([ 1.    ,  0.7647, -0.6235]), lineColorSpace='rgb', lineRGB=array([ 1.    ,  0.7647, -0.6235]), lineWidth=1.0, name='dot_6', opacity=1, ori=0.0, pos=array([0., 0.]), size=array([0.04, 0.04]), units='norm', vertices=ndarray(...), win=Window(...), windingRule=None)
8.9177 	EXP 	window1: mouseVisible = True
8.9195 	EXP 	Created dot_7 = ShapeStim(__class__=<class 'psychopy.visual.shape.ShapeStim'>, anchor=('center', 'center'), autoDraw=False, autoLog=True, closeShape=True, color=method-wrapper(...), colorSpace='rgb', contrast=None, depth=-6.0, draggable=False, fillColor=array([ 0.2235, -1.    ,  1.    ]), fillColorSpace='rgb', fillRGB=array([ 0.2235, -1.    ,  1.    ]), interpolate=True, lineColor=array([-0.15, -0.1 ,  1.  ]), lineColorSpace='rgb', lineRGB=array([-0.15, -0.1 ,  1.  ]), lineWidth=1.0, name='dot_7', opacity=1, ori=0.0, pos=array([0., 0.]), size=array([0.04, 0.04]), units='norm', vertices=ndarray(...), win=Window(...), windingRule=None)
8.9195 	EXP 	window1: mouseVisible = True
8.9217 	EXP 	Created dot_8 = ShapeStim(__class__=<class 'psychopy.visual.shape.ShapeStim'>, anchor=('center', 'center'), autoDraw=False, autoLog=True, closeShape=True, color=method-wrapper(...), colorSpace='rgb', contrast=None, depth=-7.0, draggable=False, fillColor=array([ 0.3412, -0.1294, -0.5059]), fillColorSpace='rgb', fillRGB=array([ 0.3412, -0.1294, -0.5059]), interpolate=True, lineColor=array([ 0.3412, -0.1294, -0.5059]), lineColorSpace='rgb', lineRGB=array([ 0.3412, -0.1294, -0.5059]), lineWidth=1.0, name='dot_8', opacity=1, ori=0.0, pos=array([0., 0.]), size=array([0.04, 0.04]), units='norm', vertices=ndarray(...), win=Window(...), windingRule=None)
8.9218 	EXP 	window1: mouseVisible = True
8.9234 	EXP 	Created dot_9 = ShapeStim(__class__=<class 'psychopy.visual.shape.ShapeStim'>, anchor=('center', 'center'), autoDraw=False, autoLog=True, closeShape=True, color=method-wrapper(...), colorSpace='rgb', contrast=None, depth=-8.0, draggable=False, fillColor=array([ 0.6078, -0.2784, -0.2784]), fillColorSpace='rgb', fillRGB=array([ 0.6078, -0.2784, -0.2784]), interpolate=True, lineColor=array([ 0.6078, -0.2784, -0.2784]), lineColorSpace='rgb', lineRGB=array([ 0.6078, -0.2784, -0.2784]), lineWidth=1.0, name='dot_9', opacity=1, ori=0.0, pos=array([0., 0.]), size=array([0.04, 0.04]), units='norm', vertices=ndarray(...), win=Window(...), windingRule=None)
8.9235 	EXP 	window1: mouseVisible = True
8.9251 	EXP 	Created dot_10 = ShapeStim(__class__=<class 'psychopy.visual.shape.ShapeStim'>, anchor=('center', 'center'), autoDraw=False, autoLog=True, closeShape=True, color=method-wrapper(...), colorSpace='rgb', contrast=None, depth=-9.0, draggable=False, fillColor=array([-0.0039,  1.    ,  0.6627]), fillColorSpace='rgb', fillRGB=array([-0.0039,  1.    ,  0.6627]), interpolate=True, lineColor=array([-0.0039,  1.    ,  0.6627]), lineColorSpace='rgb', lineRGB=array([-0.0039,  1.    ,  0.6627]), lineWidth=1.0, name='dot_10', opacity=1, ori=0.0, pos=array([0., 0.]), size=array([0.04, 0.04]), units='norm', vertices=ndarray(...), win=Window(...), windingRule=None)
8.9252 	EXP 	window1: mouseVisible = True
8.9272 	EXP 	Created text = TextStim(__class__=<class 'psychopy.visual.text.TextStim'>, alignHoriz=method-wrapper(...), alignText='center', alignVert=method-wrapper(...), anchorHoriz='center', anchorVert='center', antialias=True, autoDraw=False, autoLog=True, bold=False, color=array([1., 1., 1.]), colorSpace='rgb', contrast=1.0, depth=0.0, draggable=False, flipHoriz=False, flipVert=False, font='Open Sans', fontFiles=[], height=0.12, italic=False, languageStyle='LTR', name='text', opacity=1, ori=0.0, pos=array([0., 0.]), rgb=UNKNOWN, text="End press 't'", units='norm', win=Window(...), wrapWidth=1)
0.0493 	EXP 	window1: mouseVisible = True
0.0515 	EXP 	Created calibration_2Target = ShapeStim(__class__=<class 'psychopy.visual.shape.ShapeStim'>, anchor=('center', 'center'), autoDraw=False, autoLog=True, closeShape=True, color=method-wrapper(...), colorSpace='rgb', contrast=None, depth=0, draggable=False, fillColor=array([-1, -1, -1]), fillColorSpace='rgb', fillRGB=array([-1, -1, -1]), interpolate=True, lineColor=array([-1., -1., -1.]), lineColorSpace='rgb', lineRGB=array([-1, -1, -1]), lineWidth=2.0, name='calibration_2Target', opacity=1.0, ori=0.0, pos=array([0., 0.]), size=array([0.3, 0.3]), units='norm', vertices=ndarray(...), win=Window(...), windingRule=None)
0.0516 	EXP 	window1: mouseVisible = True
0.0535 	EXP 	Created calibration_2TargetInner = ShapeStim(__class__=<class 'psychopy.visual.shape.ShapeStim'>, anchor=('center', 'center'), autoDraw=False, autoLog=True, closeShape=True, color=method-wrapper(...), colorSpace='rgb', contrast=None, depth=0, draggable=False, fillColor=array([-1.        ,  0.00392157, -1.        ]), fillColorSpace='rgb', fillRGB=array([-1.        ,  0.00392157, -1.        ]), interpolate=True, lineColor=array([-1., -1., -1.]), lineColorSpace='rgb', lineRGB=array([-1, -1, -1]), lineWidth=2.0, name='calibration_2TargetInner', opacity=1.0, ori=0.0, pos=array([0., 0.]), size=array([0.14, 0.14]), units='norm', vertices=ndarray(...), win=Window(...), windingRule=None)
0.0642 	EXP 	window1: mouseVisible = True
0.0648 	DEBUG 	Saving data for fixation_dots_T1weighted ExperimentHandler
0.0651 	INFO 	saved data to /Users/cag/Documents/forclone/MREye_psychopy/ver25/data/586552_fixation_dots_T1weighted_2025-02-04_16h19.54.841.psydat
0.0652 	INFO 	saved data to '/Users/cag/Documents/forclone/MREye_psychopy/ver25/data/586552_fixation_dots_T1weighted_2025-02-04_16h19.54.841.csv'
