15.1631 	EXP 	Created window1 = Window(allowGUI=True, allowStencil=False, autoLog=True, backendConf=UNKNOWN, backgroundFit=<method-wrapper '__getattribute__' of attributeSetter object at 0x0000026B1D67BAC0>, backgroundImage=<method-wrapper '__getattribute__' of attributeSetter object at 0x0000026B1D67BA60>, bitsMode=UNKNOWN, blendMode='avg', bpc=(8, 8, 8), color=array([0, 0, 0]), colorSpace='rgb', depthBits=8, fullscr=<method-wrapper '__getattribute__' of attributeSetter object at 0x0000026B1D67B8B0>, gamma=None, gammaErrorPolicy='raise', infoMsg=UNKNOWN, lms=UNKNOWN, monitor=<psychopy.monitors.calibTools.Monitor object at 0x0000026B1D738FD0>, multiSample=False, name='window1', numSamples=2, pos=[560.0, 240.0], screen=0, size=array([800, 600]), stencilBits=0, stereo=False, title='PsychoPy', units='norm', useFBO=True, useRetina=False, viewOri=0.0, viewPos=None, viewScale=None, waitBlanking=True, winType='pyglet')
15.1632 	EXP 	window1: backgroundImage = ''
15.1632 	EXP 	window1: backgroundFit = 'none'
15.1634 	EXP 	window1: mouseVisible = <method-wrapper '__getattribute__' of attributeSetter object at 0x0000026B1D67BBE0>
15.1635 	EXP 	window1: mouseVisible = <method-wrapper '__getattribute__' of attributeSetter object at 0x0000026B1D67BBE0>
15.1669 	EXP 	window1: mouseVisible = <method-wrapper '__getattribute__' of attributeSetter object at 0x0000026B1D67BBE0>
15.1674 	EXP 	window1: mouseVisible = <method-wrapper '__getattribute__' of attributeSetter object at 0x0000026B1D67BBE0>
15.2144 	EXP 	window1: mouseVisible = <method-wrapper '__getattribute__' of attributeSetter object at 0x0000026B1D67BBE0>
15.2145 	EXP 	window1: mouseVisible = <method-wrapper '__getattribute__' of attributeSetter object at 0x0000026B1D67BBE0>
15.2150 	EXP 	window1: mouseVisible = <method-wrapper '__getattribute__' of attributeSetter object at 0x0000026B1D67BBE0>
15.2154 	EXP 	window1: mouseVisible = <method-wrapper '__getattribute__' of attributeSetter object at 0x0000026B1D67BBE0>
15.2411 	EXP 	window1: Attempting to measure frame rate of screen (0) ...
15.2411 	EXP 	window1: recordFrameIntervals = False
15.4115 	EXP 	window1: recordFrameIntervals = True
15.5947 	EXP 	Screen (0) actual frame rate measured at 59.91Hz
15.5948 	EXP 	window1: recordFrameIntervals = False
15.5950 	EXP 	window1: mouseVisible = True
15.6134 	WARNING 	launchHubServer: If using the iohub mouse or eyetracker devices, fullScr should be True.
19.6112 	EXP 	fixation_dots_T1weighted: status = STARTED
19.6115 	EXP 	window1: mouseVisible = True
19.6901 	EXP 	Created waiting_trigger = TextStim(__class__=<class 'psychopy.visual.text.TextStim'>, alignHoriz=method-wrapper(...), alignText='center', alignVert=method-wrapper(...), anchorHoriz='center', anchorVert='center', antialias=True, autoDraw=False, autoLog=True, bold=False, color=array([1., 1., 1.]), colorSpace='rgb', contrast=1.0, depth=0.0, draggable=False, flipHoriz=False, flipVert=False, font='Open Sans', fontFiles=[], height=0.12, italic=False, languageStyle='LTR', name='waiting_trigger', opacity=1.0, ori=0.0, pos=array([ 0. , -0.4]), rgb=UNKNOWN, text=str(...), units='norm', win=Window(...), wrapWidth=1.7)
19.6903 	EXP 	window1: mouseVisible = True
19.7007 	EXP 	Created fix_desc = TextStim(__class__=<class 'psychopy.visual.text.TextStim'>, alignHoriz=method-wrapper(...), alignText='center', alignVert=method-wrapper(...), anchorHoriz='center', anchorVert='center', antialias=True, autoDraw=False, autoLog=True, bold=False, color=array([1., 1., 1.]), colorSpace='rgb', contrast=1.0, depth=-2.0, draggable=False, flipHoriz=False, flipVert=False, font='Open Sans', fontFiles=[], height=0.12, italic=False, languageStyle='LTR', name='fix_desc', opacity=1.0, ori=0.0, pos=array([0.  , 0.25]), rgb=UNKNOWN, text=str(...), units='norm', win=Window(...), wrapWidth=1.0)
19.7009 	EXP 	window1: mouseVisible = True
19.7055 	EXP 	Created dot_1 = ShapeStim(__class__=<class 'psychopy.visual.shape.ShapeStim'>, anchor=('center', 'center'), autoDraw=False, autoLog=True, closeShape=True, color=method-wrapper(...), colorSpace='rgb', contrast=None, depth=0.0, draggable=False, fillColor=array([ 1., -1., -1.]), fillColorSpace='rgb', fillRGB=array([ 1., -1., -1.]), interpolate=True, lineColor=array([ 1., -1., -1.]), lineColorSpace='rgb', lineRGB=array([ 1., -1., -1.]), lineWidth=1.0, name='dot_1', opacity=1, ori=0.0, pos=array([0., 0.]), size=array([0.04, 0.04]), units='norm', vertices=ndarray(...), win=Window(...), windingRule=None)
19.7056 	EXP 	window1: mouseVisible = True
19.7077 	EXP 	Created dot_2 = ShapeStim(__class__=<class 'psychopy.visual.shape.ShapeStim'>, anchor=('center', 'center'), autoDraw=False, autoLog=True, closeShape=True, color=method-wrapper(...), colorSpace='rgb', contrast=None, depth=-1.0, draggable=False, fillColor=array([-1.    , -1.    ,  0.0902]), fillColorSpace='rgb', fillRGB=array([-1.    , -1.    ,  0.0902]), interpolate=True, lineColor=array([1., 1., 1.]), lineColorSpace='rgb', lineRGB=array([1, 1, 1]), lineWidth=1.0, name='dot_2', opacity=1, ori=0.0, pos=array([0., 0.]), size=array([0.04, 0.04]), units='norm', vertices=ndarray(...), win=Window(...), windingRule=None)
19.7078 	EXP 	window1: mouseVisible = True
19.7096 	EXP 	Created dot_3 = ShapeStim(__class__=<class 'psychopy.visual.shape.ShapeStim'>, anchor=('center', 'center'), autoDraw=False, autoLog=True, closeShape=True, color=method-wrapper(...), colorSpace='rgb', contrast=None, depth=-2.0, draggable=False, fillColor=array([ 1.    ,  0.0745, -0.4667]), fillColorSpace='rgb', fillRGB=array([ 1.    ,  0.0745, -0.4667]), interpolate=True, lineColor=array([ 1.    ,  0.0745, -0.4667]), lineColorSpace='rgb', lineRGB=array([ 1.    ,  0.0745, -0.4667]), lineWidth=1.0, name='dot_3', opacity=1, ori=0.0, pos=array([0., 0.]), size=array([0.04, 0.04]), units='norm', vertices=ndarray(...), win=Window(...), windingRule=None)
19.7097 	EXP 	window1: mouseVisible = True
19.7116 	EXP 	Created dot_4 = ShapeStim(__class__=<class 'psychopy.visual.shape.ShapeStim'>, anchor=('center', 'center'), autoDraw=False, autoLog=True, closeShape=True, color=method-wrapper(...), colorSpace='rgb', contrast=None, depth=-3.0, draggable=False, fillColor=array([-1,  1,  1]), fillColorSpace='rgb', fillRGB=array([-1,  1,  1]), interpolate=True, lineColor=array([-1.,  1.,  1.]), lineColorSpace='rgb', lineRGB=array([-1,  1,  1]), lineWidth=1.0, name='dot_4', opacity=1, ori=0.0, pos=array([0., 0.]), size=array([0.04, 0.04]), units='norm', vertices=ndarray(...), win=Window(...), windingRule=None)
19.7117 	EXP 	window1: mouseVisible = True
19.7136 	EXP 	Created dot_5 = ShapeStim(__class__=<class 'psychopy.visual.shape.ShapeStim'>, anchor=('center', 'center'), autoDraw=False, autoLog=True, closeShape=True, color=method-wrapper(...), colorSpace='rgb', contrast=None, depth=-4.0, draggable=False, fillColor=array([0.451 , 0.4275, 0.4353]), fillColorSpace='rgb', fillRGB=array([0.451 , 0.4275, 0.4353]), interpolate=True, lineColor=array([0.451 , 0.4275, 0.4353]), lineColorSpace='rgb', lineRGB=array([0.451 , 0.4275, 0.4353]), lineWidth=1.0, name='dot_5', opacity=1, ori=0.0, pos=array([0., 0.]), size=array([0.04, 0.04]), units='norm', vertices=ndarray(...), win=Window(...), windingRule=None)
19.7137 	EXP 	window1: mouseVisible = True
19.7157 	EXP 	Created dot_6 = ShapeStim(__class__=<class 'psychopy.visual.shape.ShapeStim'>, anchor=('center', 'center'), autoDraw=False, autoLog=True, closeShape=True, color=method-wrapper(...), colorSpace='rgb', contrast=None, depth=-5.0, draggable=False, fillColor=array([ 1.    ,  0.7647, -0.6235]), fillColorSpace='rgb', fillRGB=array([ 1.    ,  0.7647, -0.6235]), interpolate=True, lineColor=array([ 1.    ,  0.7647, -0.6235]), lineColorSpace='rgb', lineRGB=array([ 1.    ,  0.7647, -0.6235]), lineWidth=1.0, name='dot_6', opacity=1, ori=0.0, pos=array([0., 0.]), size=array([0.04, 0.04]), units='norm', vertices=ndarray(...), win=Window(...), windingRule=None)
19.7158 	EXP 	window1: mouseVisible = True
19.7179 	EXP 	Created dot_7 = ShapeStim(__class__=<class 'psychopy.visual.shape.ShapeStim'>, anchor=('center', 'center'), autoDraw=False, autoLog=True, closeShape=True, color=method-wrapper(...), colorSpace='rgb', contrast=None, depth=-6.0, draggable=False, fillColor=array([ 0.2235, -1.    ,  1.    ]), fillColorSpace='rgb', fillRGB=array([ 0.2235, -1.    ,  1.    ]), interpolate=True, lineColor=array([-0.15, -0.1 ,  1.  ]), lineColorSpace='rgb', lineRGB=array([-0.15, -0.1 ,  1.  ]), lineWidth=1.0, name='dot_7', opacity=1, ori=0.0, pos=array([0., 0.]), size=array([0.04, 0.04]), units='norm', vertices=ndarray(...), win=Window(...), windingRule=None)
19.7179 	EXP 	window1: mouseVisible = True
19.7200 	EXP 	Created dot_8 = ShapeStim(__class__=<class 'psychopy.visual.shape.ShapeStim'>, anchor=('center', 'center'), autoDraw=False, autoLog=True, closeShape=True, color=method-wrapper(...), colorSpace='rgb', contrast=None, depth=-7.0, draggable=False, fillColor=array([ 0.3412, -0.1294, -0.5059]), fillColorSpace='rgb', fillRGB=array([ 0.3412, -0.1294, -0.5059]), interpolate=True, lineColor=array([ 0.3412, -0.1294, -0.5059]), lineColorSpace='rgb', lineRGB=array([ 0.3412, -0.1294, -0.5059]), lineWidth=1.0, name='dot_8', opacity=1, ori=0.0, pos=array([0., 0.]), size=array([0.04, 0.04]), units='norm', vertices=ndarray(...), win=Window(...), windingRule=None)
19.7201 	EXP 	window1: mouseVisible = True
19.7221 	EXP 	Created dot_9 = ShapeStim(__class__=<class 'psychopy.visual.shape.ShapeStim'>, anchor=('center', 'center'), autoDraw=False, autoLog=True, closeShape=True, color=method-wrapper(...), colorSpace='rgb', contrast=None, depth=-8.0, draggable=False, fillColor=array([ 0.6078, -0.2784, -0.2784]), fillColorSpace='rgb', fillRGB=array([ 0.6078, -0.2784, -0.2784]), interpolate=True, lineColor=array([ 0.6078, -0.2784, -0.2784]), lineColorSpace='rgb', lineRGB=array([ 0.6078, -0.2784, -0.2784]), lineWidth=1.0, name='dot_9', opacity=1, ori=0.0, pos=array([0., 0.]), size=array([0.04, 0.04]), units='norm', vertices=ndarray(...), win=Window(...), windingRule=None)
19.7222 	EXP 	window1: mouseVisible = True
19.7243 	EXP 	Created dot_10 = ShapeStim(__class__=<class 'psychopy.visual.shape.ShapeStim'>, anchor=('center', 'center'), autoDraw=False, autoLog=True, closeShape=True, color=method-wrapper(...), colorSpace='rgb', contrast=None, depth=-9.0, draggable=False, fillColor=array([-0.0039,  1.    ,  0.6627]), fillColorSpace='rgb', fillRGB=array([-0.0039,  1.    ,  0.6627]), interpolate=True, lineColor=array([-0.0039,  1.    ,  0.6627]), lineColorSpace='rgb', lineRGB=array([-0.0039,  1.    ,  0.6627]), lineWidth=1.0, name='dot_10', opacity=1, ori=0.0, pos=array([0., 0.]), size=array([0.04, 0.04]), units='norm', vertices=ndarray(...), win=Window(...), windingRule=None)
19.7244 	EXP 	window1: mouseVisible = True
19.7282 	EXP 	Created text = TextStim(__class__=<class 'psychopy.visual.text.TextStim'>, alignHoriz=method-wrapper(...), alignText='center', alignVert=method-wrapper(...), anchorHoriz='center', anchorVert='center', antialias=True, autoDraw=False, autoLog=True, bold=False, color=array([1., 1., 1.]), colorSpace='rgb', contrast=1.0, depth=0.0, draggable=False, flipHoriz=False, flipVert=False, font='Open Sans', fontFiles=[], height=0.12, italic=False, languageStyle='LTR', name='text', opacity=1, ori=0.0, pos=array([0., 0.]), rgb=UNKNOWN, text="End press 't'", units='norm', win=Window(...), wrapWidth=1)
0.0149 	EXP 	window1: mouseVisible = True
0.0177 	EXP 	Created calibration_2Target = ShapeStim(__class__=<class 'psychopy.visual.shape.ShapeStim'>, anchor=('center', 'center'), autoDraw=False, autoLog=True, closeShape=True, color=method-wrapper(...), colorSpace='rgb', contrast=None, depth=0, draggable=False, fillColor=array([-1, -1, -1]), fillColorSpace='rgb', fillRGB=array([-1, -1, -1]), interpolate=True, lineColor=array([-1., -1., -1.]), lineColorSpace='rgb', lineRGB=array([-1, -1, -1]), lineWidth=2.0, name='calibration_2Target', opacity=1.0, ori=0.0, pos=array([0., 0.]), size=array([0.3, 0.3]), units='norm', vertices=ndarray(...), win=Window(...), windingRule=None)
0.0180 	EXP 	window1: mouseVisible = True
0.0206 	EXP 	Created calibration_2TargetInner = ShapeStim(__class__=<class 'psychopy.visual.shape.ShapeStim'>, anchor=('center', 'center'), autoDraw=False, autoLog=True, closeShape=True, color=method-wrapper(...), colorSpace='rgb', contrast=None, depth=0, draggable=False, fillColor=array([-1.        ,  0.00392157, -1.        ]), fillColorSpace='rgb', fillRGB=array([-1.        ,  0.00392157, -1.        ]), interpolate=True, lineColor=array([-1., -1., -1.]), lineColorSpace='rgb', lineRGB=array([-1, -1, -1]), lineWidth=2.0, name='calibration_2TargetInner', opacity=1.0, ori=0.0, pos=array([0., 0.]), size=array([0.14, 0.14]), units='norm', vertices=ndarray(...), win=Window(...), windingRule=None)
18.3525 	EXP 	waiting_trigger: autoDraw = True
18.3525 	EXP 	fix_desc: autoDraw = True
26.7319 	EXP 	eyetracker.setRecordingState(True)
26.7340 	EXP 	New trial (rep=0, index=0): <Trial 0 (0 in rep 0) data={'thisN': 0, 'thisTrialN': 0, 'thisRepN': 0}>
26.7367 	DATA 	Keypress: s
26.7497 	EXP 	waiting_trigger: autoDraw = False
26.7497 	EXP 	fix_desc: autoDraw = False
26.7497 	EXP 	dot_2: borderColor = <psychopy.colors.Color: (-1.0, -1.0, 0.09, 1.0)>
26.7497 	EXP 	dot_1: autoDraw = True
27.7338 	EXP 	dot_2: autoDraw = True
27.7506 	EXP 	dot_1: autoDraw = False
28.7347 	EXP 	dot_2: autoDraw = False
28.7347 	EXP 	dot_3: autoDraw = True
29.7343 	EXP 	dot_3: autoDraw = False
29.7343 	EXP 	dot_4: autoDraw = True
30.7340 	EXP 	dot_4: autoDraw = False
30.7340 	EXP 	dot_5: autoDraw = True
31.7342 	EXP 	dot_5: autoDraw = False
31.7342 	EXP 	dot_6: autoDraw = True
32.7340 	EXP 	dot_6: autoDraw = False
32.7340 	EXP 	dot_7: autoDraw = True
33.7344 	EXP 	dot_7: autoDraw = False
33.7344 	EXP 	dot_8: autoDraw = True
34.7339 	EXP 	dot_8: autoDraw = False
34.7339 	EXP 	dot_9: autoDraw = True
35.7340 	EXP 	dot_9: autoDraw = False
35.7340 	EXP 	dot_10: autoDraw = True
36.7187 	EXP 	New trial (rep=1, index=0): <Trial 1 (0 in rep 1) data={'thisN': 1, 'thisTrialN': 0, 'thisRepN': 1}>
36.7335 	EXP 	dot_10: autoDraw = False
36.7335 	EXP 	dot_1: autoDraw = False
36.7335 	EXP 	dot_2: autoDraw = False
36.7335 	EXP 	dot_3: autoDraw = False
36.7335 	EXP 	dot_4: autoDraw = False
36.7335 	EXP 	dot_5: autoDraw = False
36.7335 	EXP 	dot_6: autoDraw = False
36.7335 	EXP 	dot_7: autoDraw = False
36.7335 	EXP 	dot_8: autoDraw = False
36.7335 	EXP 	dot_9: autoDraw = False
36.7335 	EXP 	dot_10: autoDraw = False
36.7335 	EXP 	dot_2: borderColor = <psychopy.colors.Color: (-1.0, -1.0, 0.09, 1.0)>
36.7335 	EXP 	dot_1: autoDraw = True
37.7342 	EXP 	dot_1: autoDraw = False
37.7342 	EXP 	dot_2: autoDraw = True
38.7337 	EXP 	dot_2: autoDraw = False
38.7337 	EXP 	dot_3: autoDraw = True
39.7339 	EXP 	dot_3: autoDraw = False
39.7339 	EXP 	dot_4: autoDraw = True
40.7341 	EXP 	dot_4: autoDraw = False
40.7341 	EXP 	dot_5: autoDraw = True
41.7338 	EXP 	dot_5: autoDraw = False
41.7338 	EXP 	dot_6: autoDraw = True
42.7341 	EXP 	dot_6: autoDraw = False
42.7341 	EXP 	dot_7: autoDraw = True
43.7338 	EXP 	dot_7: autoDraw = False
43.7338 	EXP 	dot_8: autoDraw = True
44.7340 	EXP 	dot_8: autoDraw = False
44.7340 	EXP 	dot_9: autoDraw = True
45.7339 	EXP 	dot_9: autoDraw = False
45.7339 	EXP 	dot_10: autoDraw = True
46.7188 	EXP 	New trial (rep=2, index=0): <Trial 2 (0 in rep 2) data={'thisN': 2, 'thisTrialN': 0, 'thisRepN': 2}>
46.7340 	EXP 	dot_10: autoDraw = False
46.7340 	EXP 	dot_1: autoDraw = False
46.7340 	EXP 	dot_2: autoDraw = False
46.7340 	EXP 	dot_3: autoDraw = False
46.7340 	EXP 	dot_4: autoDraw = False
46.7340 	EXP 	dot_5: autoDraw = False
46.7340 	EXP 	dot_6: autoDraw = False
46.7340 	EXP 	dot_7: autoDraw = False
46.7340 	EXP 	dot_8: autoDraw = False
46.7340 	EXP 	dot_9: autoDraw = False
46.7340 	EXP 	dot_10: autoDraw = False
46.7340 	EXP 	dot_2: borderColor = <psychopy.colors.Color: (-1.0, -1.0, 0.09, 1.0)>
46.7340 	EXP 	dot_1: autoDraw = True
47.7335 	EXP 	dot_1: autoDraw = False
47.7335 	EXP 	dot_2: autoDraw = True
48.7334 	EXP 	dot_2: autoDraw = False
48.7334 	EXP 	dot_3: autoDraw = True
49.7333 	EXP 	dot_3: autoDraw = False
49.7333 	EXP 	dot_4: autoDraw = True
49.8511 	DATA 	Keypress: lctrl
49.8512 	DATA 	Keypress: c
50.7333 	EXP 	dot_4: autoDraw = False
50.7333 	EXP 	dot_5: autoDraw = True
51.7339 	EXP 	dot_5: autoDraw = False
51.7339 	EXP 	dot_6: autoDraw = True
52.7338 	EXP 	dot_6: autoDraw = False
52.7338 	EXP 	dot_7: autoDraw = True
53.6009 	DATA 	Keypress: escape
53.6338 	EXP 	fixation_dots_T1weighted: status = STOPPED
53.6500 	EXP 	dot_7: autoDraw = False
53.6501 	EXP 	fixation_dots_T1weighted: status = STOPPED
53.6953 	EXP 	window1: mouseVisible = True
